=================================================
 Minecraft Terrain-Adaptive Settlement Planner
=================================================

Generating synthetic terrain: [96x96], relief: 18 blocks, seed: 12345...
Running terrain-adaptive planning solver...
[BuildingPresetRegistry] Successfully initialized 10 building presets.
Planning completed in 476 ms.
 - Roads Planned: 1162 (Steps: 2, Max Slope: 0.0)
 - Building Plots Allocated: 6
 - Earthwork Cut Volume: 1126 blocks
 - Earthwork Fill Volume: 430 blocks
 - Status: COMPLETE; unmet requirement groups: 0; candidates: 24000; path expansions: 10368
=== Settlement Preview [96x96] Seed: 12345 ===
Legend: [.] Ground  [:] Slope  [^] Cliff  [~] Water  [*] Road  [#] Stair  [=] Bridge  [B] Plot  [E] Entrance
~~~~~~~~~~~~~~~~~~~~~~~~~~~~~::.::.::.::..::..::....::....T.......TT...............::....::..::.
~~~~~~~~~~~~~~~~~~~~~~~~~~~~.::.T:.::.::.::...::.....:::....................T....T.::....::..::T
~~~~~~~~~~~~~~~~~~~~~~~~~~~.::.::.::.::..::T..::...T..:::::::::::::::::::::::....T.::...::..::..
~~~~~~~~~~~~~~~~~~~~~~~~~~~::.::.::..::..::...::.....T..:T:::T:::::::::::::::::.....::..::..::..
~~~~~~~~~~~~~~~~~~~~~~~~~~::.::.T::.::..:T....::......................T......:::....::..::T.::.:
~~~~~~~~~~~~~~~~~~~~~~~~~::..::.::..::..::.....:T........T..TT................::....::..::.::.::
~~~~~~~~~~~~~~~~~~~~~~~~::..::.::.T::.T.::......:::::::::::::::::::::::::......T:...::..::.::.::
~~~~~~~~~~~~~~~~~~~~~~~::..::.::..::...::........::::::T::::::::::::::::::...T.::...::.::.::.::.
~~~~~~~~~~~~~~~~~~~~~.::..::.::...::...::.........T......................::.....:T..::.::.::.T:.
~~~~~~~~~~~~~~~~~~~~.::..T:..:T..::.T..::..........................T......::....::..::.::.::.::.
~~~~~~~~~~~~~~~~~~~:::BBBBBBBBBB::.....::...............T::::::::::::......::...::.::..::::.::..
~~~~~~~~~~~~~~~~~.:::.B        B:...T.T::..........:::::::::::::T::::::....::...::.::.::.::.::.:
~~~~~~~~~~~~~~~~:::T.:B        B:......::::.::::::::::::.....T.......T::....::..::.::.T:.::::.::
~~~~~~~~~~~~~~.:***:::B        B........:::::::::::...........T.......T::...::..::.::.::::.::.::
~~~~~~~~~~~~.:::******E        B.....T.....:.........T..BBBBBBBBBB.T...::...:T.::..:::T.::.::T::
~~~~~~~~~~.:T::.***..:B        B....................::::B        B:.....::..::.::.::.::.::::T:T.
~~~~~~~~:::::.T:***:::B        B..T..........T...:::::::B        B::....::T.::.T:T::.::.::::.::.
~~~~.::::::.::::***::.B        B..T............::T::....B        B.::...::..T:.::.::.::::T:T.::.
.:::::::..::::..***...B        B....T........::T:.......B        B.::...::..::.:T.:T:T.::.::::..
T::::..:::::.:T:***.::BBBBBBBBBB........T..::::.......::B        B..::..::..T:.::::.::.::::.::..
:...::::::.T::::***:::..............BBBBBBBBBB.....:T:::B        B..::..::.::.::.T:.::::T::.::..
:::::::..::::..:***:.T.............TB        B...:::::..B        B..::..:T.::.::.::::.T:.::.::..
::::..:::::..:::***..T..::::........B        B.::::.....B    E   B..::T.::.::.:T.::::.::T::.::..
T..::::::.:::::.*****************...B        B:::.......BBBBBBBBBB..::T.::.::.::::.::.::::..::..
::TT::.::::::...*****************...B        B:..............*.::..T::..::.::::.::.T:::.::..::..
:::.::::::..::::*****************...B        B.......:::.....*..::..::.::.::.::.::::.::.T:..::..
:::::::..:::::::............::***...B        B....::T::T::...*..::..::.::.::.::.:T::.::.::..::..
::::.:::::::......T.........::***..:B        B..:::::...:::.*************.::.::::.::.::.::..::..
.T:::::::....:T:::::......T.::***.::B        B.:::.......T:.*************.::::.T:.::.::.::..::..
:::::...::::::T:::::::....T.::***.::BBBBEBBBBB::..........::*************::.::.::.::.T:.::...::.
::..:::::::::.......:::.....::***::...::*....::...........::...::..::.***::T::.::::..::.::....::
::::::::.............::.....::***::T.::.*...::............::...::.::..***::::.::.::..::..::....:
::::...::::::::.......::...::.***:...::.*..::...T...T....::...::..::T:***:.::.::.::..::..::.....
.:T::::::::::::::T....::...::.*******************************************T.::.::.::..::...::....
::T::::.....T..:::T...::.T.::.*******************************************:.::.::.::..::....:::::
:.......T...T....::TT.::...::.*******************************************.::T.::.::...::....::T:
::::::::::::.....::.T.::..::..::...::...::..............::...::.:T..::***.::T::.T::...::........
:::::::T:::::.....::..::..::..::..T:...::..T...T.......::...::..::.::.***.::.::..::....::::....T
...T........::....::..::..::..::..::...::..............::...::T::..::.***::..::...::....::::::::
:::::::.T....::...::..::..::.::..::....::........T....::...::..::.::..***::..::...::.......:::::
:T:::::::T...::...T:..::.::..::..::...::.............::...::..:T..::.:***::..::....::T........:T
.......:::....::..::..::.::..::..::...::............::....::..::.:T..:***T:..::.....::::::::::::
::.T.....::...::..T:..::.::..::..::...::...........::....::..::T.::.::***:...::.......::::::::..
:::::.....::..::..::.::..::.::..::.T..::..........::....:T..::..::..::***:.TT.::..........TT.:::
..::::....::..::..::.::..::.::..::....::..T.BBBBBBBBBBBB:..::..::..::T***:.....::.......::::::::
.....::...::..::..::.::.::..::..::.....::...B          B.T.::..::..::.***:.T....:::::::::::::.::
:.....::...::.::..::.::.BBBBBBBBBB......::::B          B..::..::..::..***:.......:::::::...:::::
::.T...::T.::.::..::.::.B        B.......:::B          B.::..::...::..***:..............::::::..
.::....::..::.::.::..::.B        B....***...B          B::.T::...::.T.***:..........:::::::..:::
.T::...::..::.::.::.::..B        B....******BE         B:...::.T.::T..***:......::::::::..::::::
...::..::..::.::.::.::T.B        B:T..***...B          B...::...::....****::::::::::...:::::::::
...::..::..::.::.::.::.:B        BT:..***...B          B.:::...::.....**************************
...T:..::..::.::.::.::.:B        B::::***:::B          B:::....::T....**************************
...::..::.:TT.::.::.::.:B        B..::***:::B          B:..*************************************
....::.::.::.::.::..::.:B        B....***...B          B...*************************************
:...::.::.::.::.::..::.:BBBBEBBBBB....***T..BBBBBBBBBBBB...*************************************
::.::..::.::.::.::..::..::..*.::......***:::::....:::.....:***............:::...:***.::::.:::::.
::.::..::.::T::TT:..::..::..*..::T::::***:::....::::....:::***..........:::.T.:::***:::.:::::.::
::.::.::..::.::.::..::..::..*...::::::***....:::::....::::.***........T:::...:::.***:.::::.:::::
:..::.:T.::..T:.::..::...::***********************************.......:::...:::..:***::::.:::::..
..T::.::.::.T:T.::..::....:***********************************...TT.:::...:::..::***::.::::..:::
...::.::.::.::..::..::.....***********************************.....::....::..:::.***..T::..:::::
.T::..::.::.::..::..::......:::::::::::.....:::::...........T.....::BBBBBBBBBB:T:***:::..::::...
..::.::..::.::..::...T:.................:::::::.T.................:TB        B.:T***::.::::.T.::
..::.::.::..::..::....T:............::::::::......T:::::.........::.B        B::.***.::::..:::::
.::..::.::..::..::.....:::::..::::::::::T.....:T:::::::::.......::..B        B:.:***:::T.:::::..
.::.::..::..::..::......:T:::::T::::......::::::::......::...T.::...B        B:::***:.T::::.....
.::.::..::..::...:T.........::........::::::::..........::.....::..:B        E******.::::.......
::..::.:T...::....::...........T.::::T::::...............::...::..T:B        B..:***:::...::::::
:T.::..::T..:T.....::::....:::::::::::.....T............::....T:.::.B        BT::T:::...::::::::
:..::..::...::......::::::::::T::T..T..:::::::::::......::...::..::.B        B::.:::..::::......
...::..::...::....T....::::.......:T::T::T:::::::::.....::..::..::T:BBBBBBBBBB:.::..::::........
..::...:T...T::...............:::::::::...........::.T..:T..::.::.::.:T.::.:T..::..:::.........T
..::...::....:::.........::TT:T:::................::..T.::.::..::.::.::::.::.T::.T::............
..::T.::T....T:::::T::::::::::...T...:T::::.......:T...::.T::.::.::.::.:T.::.::..::.............
.::...::........:::::::::......::::::::::::::......::..T:T::.::.::.::.::.::.::..::....T::::.....
.::...::...................::::::::::......:::....T::..::.::.::.::::.::.::.::T.::....:::::::....
::..T.::...........T....:::::::..............::...::..::.::.:T.::.::T:.::.::..::....::....::....
::.....::...........:T:::::.............T....::...::..::.::.::::.::::.::.::..T:...:::T....::....
T......:::.....:::T:::::......::::::::::......::..::.::.::.::.::::.::::.::..::TT.:::......::....
........:T::::::::::......:::::::::T:::::.....::..::.::.:T::.::.::::.::.::.::...::.......T::...:
..........:::::.T......:::::::..........::....::.::..::::.::::.::T:.::.::.::....::.......::...::
....................::::::...............::...::.::.::.::T:.::::.::::.::..T:T.T::........::...::
..T..............::T:::..T.....:.........::..::..::.::::.::::.::::.::.::.::..T::........::...::.
..........T..T.:::::..T..::::::T:::..T...::..::.::.T:.::::.::::.::::.::.::....::.......::.T.::..
.............::::.....:::::::::T::::.....::..::.::.::::.::::::.::.::::..::...::.......::....::..
...........::::.....T::::..........::....::..::.::::.::::.::::::.::.::.::.T..::......::....::..:
.........::::.....::::..............::...::T::.::.::::.::::::.::::T::..::...T::.T...::....::..::
.......:::T.....::::................::...::.::.::::T::::::.::::.::.::.:T....::....:::....:T..::.
......:::.....::::.......:::T.......::..:T.::.::.::::.::::::.::::.::..:T.....:::::::..T.::..::..
....:::......:::......:::T::::......::..::.::.::::.::::::.:::T.::.::..::......::::.T...::..::..:
...:::.....:::.....::::::...:::.....::..::.::::.:::T::.:T::.::::.::..::...............::..::..::
..::......:::....:::::........::...::..::.T:.::::.::::::.::::.::.::..::.....T.......:::..::..::.
.::......::.....:::....T......::...::.T::.::::.::::::.::::.::::.::...::............:::..::..::.:
::......::....:::.............::...::.::.::.::T:::.::::.:::T.:T.::..T::..........:::...::..::.::
:......::....:::..............::..::..::.::::.::::::.::T:.::::..::...::.........:::...::..::.::.

Saved Planning IR JSON: C:\Users\Construct\Downloads\MC Construction Generater\core-planner\output\plan.json
Saved 2D SVG Preview:   C:\Users\Construct\Downloads\MC Construction Generater\core-planner\output\preview.svg
