PASS swept_stencils_8_12_all_widths_all_quadrants
PASS real_diagonal_network_8
PASS height_state_stairs_8
PASS contour_extension_8
PASS diagonal_width_corner_blocks_8_PROTECTED
PASS diagonal_width_corner_blocks_8_WATER
PASS diagonal_width_corner_blocks_8_EXISTING_BUILDING
PASS real_diagonal_network_12
PASS height_state_stairs_12
PASS contour_extension_12
PASS diagonal_width_corner_blocks_12_PROTECTED
PASS diagonal_width_corner_blocks_12_WATER
PASS diagonal_width_corner_blocks_12_EXISTING_BUILDING
[BuildingPresetRegistry] Successfully initialized 10 building presets.
PASS independent_platforms_and_raw_stair_blocks
PASS diagonal_building_toggle_actual_footprint_and_construction
PASS all_40_diagonal_preset_doors_and_whole_footprints
PASS manifest_missing_corner_or_stair_orientation_rejected
PASS explicit_state_column_edit_and_grade_caps
PASS fair_locked_preset_equal_count_earthwork_and_regression_reporting
PASS large_map_128x128
PASS large_map_256x256
PASS large_map_512x512
PASS large_map_192x96
PASS large_map_511x257
PASS large_map_replay_and_request_immutability
PASS separate_terrain_plan_seeds_and_four_terrain_types
PASS invalid_map_heading_budget_rejected_before_allocation
PASS response_size_guard_rejects_without_truncating
RANDOMIZED allocated=80 / 80
PASS diagonal_multilevel_randomized_40_invariant_cases
RESULT 29 passed; 0 failed
